------------------------------------------------------------
TimeQuest Timing Analyzer Summary
------------------------------------------------------------

Type  : Slow Model Setup 'clock_divider:clk_div|clk_div_inner'
Slack : -7.162
TNS   : -393.582

Type  : Slow Model Setup 'clk'
Slack : -0.497
TNS   : -1.887

Type  : Slow Model Hold 'clk'
Slack : -2.580
TNS   : -2.580

Type  : Slow Model Hold 'clock_divider:clk_div|clk_div_inner'
Slack : 0.499
TNS   : 0.000

Type  : Slow Model Minimum Pulse Width 'clk'
Slack : -1.941
TNS   : -7.877

Type  : Slow Model Minimum Pulse Width 'clock_divider:clk_div|clk_div_inner'
Slack : -0.742
TNS   : -94.976

Type  : Fast Model Setup 'clock_divider:clk_div|clk_div_inner'
Slack : -1.706
TNS   : -87.713

Type  : Fast Model Setup 'clk'
Slack : 0.502
TNS   : 0.000

Type  : Fast Model Hold 'clk'
Slack : -1.385
TNS   : -1.385

Type  : Fast Model Hold 'clock_divider:clk_div|clk_div_inner'
Slack : 0.215
TNS   : 0.000

Type  : Fast Model Minimum Pulse Width 'clk'
Slack : -1.380
TNS   : -5.380

Type  : Fast Model Minimum Pulse Width 'clock_divider:clk_div|clk_div_inner'
Slack : -0.500
TNS   : -64.000

------------------------------------------------------------
