------------------------------------------------------------
TimeQuest Timing Analyzer Summary
------------------------------------------------------------

Type  : Slow Model Setup 'clk_divider:divider|out_clk_inner'
Slack : -3.724
TNS   : -64.026

Type  : Slow Model Setup 'clk'
Slack : -3.016
TNS   : -16.587

Type  : Slow Model Hold 'clk'
Slack : -2.580
TNS   : -2.580

Type  : Slow Model Hold 'clk_divider:divider|out_clk_inner'
Slack : 0.499
TNS   : 0.000

Type  : Slow Model Minimum Pulse Width 'clk'
Slack : -1.941
TNS   : -15.297

Type  : Slow Model Minimum Pulse Width 'clk_divider:divider|out_clk_inner'
Slack : -0.742
TNS   : -32.648

Type  : Fast Model Setup 'clk_divider:divider|out_clk_inner'
Slack : -0.638
TNS   : -10.780

Type  : Fast Model Setup 'clk'
Slack : -0.316
TNS   : -0.939

Type  : Fast Model Hold 'clk'
Slack : -1.385
TNS   : -1.385

Type  : Fast Model Hold 'clk_divider:divider|out_clk_inner'
Slack : 0.215
TNS   : 0.000

Type  : Fast Model Minimum Pulse Width 'clk'
Slack : -1.380
TNS   : -10.380

Type  : Fast Model Minimum Pulse Width 'clk_divider:divider|out_clk_inner'
Slack : -0.500
TNS   : -22.000

------------------------------------------------------------
